Need to install the following packages:
jest@30.3.0
Ok to proceed? (y) ¨Desea terminar el trabajo por lotes (S/N)? ¨Desea terminar el trabajo por lotes (S/N)? 